dataset_prediccion_demanda.csv
date,price,promotion,demand
2023-06-08,10.855898002889738,0,18
2023-06-09,8.855111265186224,0,26
2023-06-10,7.292676849003222,0,27
2023-06-11,7.558686343175256,0,30
2023-06-12,10.072127419992073,0,24
2023-06-13,10.389583752582222,1,29
2023-06-14,8.643525062343388,0,24
2023-06-15,10.957888688166062,1,29
2023-06-16,7.50771990659656,0,32
2023-06-17,9.900880302029025,1,25
2023-06-18,8.183475700356315,1,43
2023-06-19,9.022245838296762,0,25
2023-06-20,10.071098006974621,1,30
2023-06-21,8.709379952074071,1,37
2023-06-22,9.423166683655262,0,25
2023-06-23,11.509439213821661,0,22
2023-06-24,9.134662195715277,0,25
2023-06-25,11.253538168097712,1,22
2023-06-26,8.305439718013574,1,36
2023-06-27,10.794706266872923,1,21
2023-06-28,12.16235293098685,0,15
2023-06-29,6.2925332498090665,1,40
2023-06-30,8.804657116794285,0,23
2023-07-01,10.86560819077081,0,17
2023-07-02,9.69543192093551,0,12
2023-07-03,10.556718810056964,0,16
2023-07-04,9.09402221992627,0,23
2023-07-05,10.129884681209349,0,20
2023-07-06,9.76648414691188,0,15
2023-07-07,11.75167309248971,0,20
2023-07-08,10.38163126495182,0,14
2023-07-09,10.506403993112803,0,22
2023-07-10,9.382184550816298,0,23
2023-07-11,9.26859066389126,0,18
2023-07-12,9.351162718270569,0,29
2023-07-13,10.591678213567445,0,10
2023-07-14,9.368523278769606,0,25
2023-07-15,10.434662285344618,0,22
2023-07-16,13.113101197968158,0,5
2023-07-17,11.306687055147538,0,21
2023-07-18,9.510964701748238,1,26
2023-07-19,11.801820883245917,0,13
2023-07-20,9.387886940467673,0,20
2023-07-21,6.942813197233219,0,25
2023-07-22,8.487870533623894,0,25
2023-07-23,7.193812118461216,0,29
2023-07-24,9.472729773938037,0,9
2023-07-25,10.027627568784327,0,23
2023-07-26,12.514655968412924,0,0
2023-07-27,10.490391060646244,0,20
2023-07-28,9.671349206786704,1,30
2023-07-29,11.244108371775233,1,14
2023-07-30,6.683297036488172,1,31
2023-07-31,10.353421837162848,1,17
2023-08-01,11.15629779083045,0,11
2023-08-02,7.782120631330238,0,20
2023-08-03,11.715631064810394,0,14
2023-08-04,10.507744611241622,0,20
2023-08-05,9.377068129148798,1,31
2023-08-06,10.949172799159427,0,9
2023-08-07,13.406039286706594,1,11
2023-08-08,10.272799382587742,0,5
2023-08-09,10.372330879450503,1,17
2023-08-10,9.310958650689633,0,21
2023-08-11,8.725233445802813,0,26
2023-08-12,11.245503724816368,0,4
2023-08-13,8.7158742611367,0,14
2023-08-14,10.107349355829088,0,13
2023-08-15,9.283513829852325,0,17
2023-08-16,10.718469738619588,1,15
2023-08-17,10.500493157930423,0,14
2023-08-18,11.556309916386848,0,6
2023-08-19,9.234975401717879,0,15
2023-08-20,9.595187597059944,1,25
2023-08-21,8.53185442632654,0,17
2023-08-22,9.333560109885832,0,12
2023-08-23,10.565950739567278,0,10
2023-08-24,11.135482924968027,0,8
2023-08-25,8.616752013733562,0,14
2023-08-26,11.30440888015849,0,7
2023-08-27,12.033456788207427,0,14
2023-08-28,10.620152354835552,1,21
2023-08-29,12.815193718837099,0,2
2023-08-30,8.83931620134464,0,19
2023-08-31,8.133017945032874,0,15
2023-09-01,7.331919626643582,1,33
2023-09-02,12.244066467233775,0,6
2023-09-03,10.981548484531087,1,16
2023-09-04,9.916622993634318,0,14
2023-09-05,10.41995293947973,0,2
2023-09-06,8.311766429052435,0,10
2023-09-07,13.66862796942524,1,2
2023-09-08,10.193831772962842,0,11
2023-09-09,10.16409219190734,1,27
2023-09-10,11.088649935848037,1,27
2023-09-11,10.72151384760507,0,12
2023-09-12,10.335826036418696,0,12
2023-09-13,8.814288316832032,0,5
2023-09-14,10.707202535703994,0,6
2023-09-15,12.82303674471255,1,6
2023-09-16,12.018130069232466,1,9
2023-09-17,12.389779939959094,0,2
2023-09-18,9.233176485353223,0,10
2023-09-19,8.515592769612129,1,13
2023-09-20,9.811319619850527,0,15
2023-09-21,10.083587368433042,1,13
2023-09-22,11.641287277706423,0,6
2023-09-23,7.461303055427771,0,28
2023-09-24,12.29432547919092,0,-1
2023-09-25,9.762988152131516,0,-2
2023-09-26,9.35967839507887,0,11
2023-09-27,8.481843437109749,0,20
2023-09-28,7.517714992201346,0,27
2023-09-29,11.234755875942872,1,8
2023-09-30,10.109976950782606,1,20
2023-10-01,8.06505865038842,0,13
2023-10-02,8.057381841904576,0,15
2023-10-03,9.496322951064808,0,25
2023-10-04,12.503532287934089,0,-5
2023-10-05,9.610612972954593,0,12
2023-10-06,7.7452855703228405,0,19
2023-10-07,9.631385403871084,0,17
2023-10-08,9.590914645378493,0,12
2023-10-09,5.954670035587642,0,24
2023-10-10,9.918557700223282,0,8
2023-10-11,9.653598204686983,1,21
2023-10-12,11.044309547220127,0,5
2023-10-13,12.773434142418019,0,5
2023-10-14,11.689847544321637,0,3
2023-10-15,9.596666964167754,0,13
2023-10-16,8.340211136887495,1,23
2023-10-17,13.86003970487479,0,4
2023-10-18,10.088827651021733,1,18
2023-10-19,10.020893937869419,0,2
2023-10-20,9.963812369334995,0,17
2023-10-21,10.297127141151783,1,13
2023-10-22,9.783459382114087,0,8
2023-10-23,9.139506989679646,0,10
2023-10-24,9.179711588139412,0,20
2023-10-25,9.950870094676002,0,0
2023-10-26,9.184862843299353,1,37
2023-10-27,8.930731325984254,0,19
2023-10-28,10.159645341537844,0,12
2023-10-29,9.617534173868718,0,12
2023-10-30,12.255989482874032,0,6
2023-10-31,6.023545287410482,0,26
2023-11-01,11.637260277883692,0,10
2023-11-02,11.869127788746443,0,9
2023-11-03,6.889914651387776,1,29
2023-11-04,9.485968608879476,0,12
2023-11-05,9.442838701006313,0,13
2023-11-06,7.888732457923268,1,25
2023-11-07,8.833274968613686,0,21
2023-11-08,8.334136231801256,0,20
2023-11-09,12.628405665135434,0,-10
2023-11-10,11.403517589721192,0,11
2023-11-11,11.907332642491237,0,8
2023-11-12,11.082508096064853,1,17
2023-11-13,8.306422343174155,0,16
2023-11-14,9.21321960058034,0,21
2023-11-15,10.734061841841877,1,23
2023-11-16,8.166808286662082,0,15
2023-11-17,11.069497645258583,0,12
2023-11-18,9.639511902762797,0,9
2023-11-19,9.437768788675603,1,16
2023-11-20,11.066439952305238,0,7
2023-11-21,10.66639496722906,0,16
2023-11-22,9.45855075127138,0,20
2023-11-23,11.738994705046371,0,11
2023-11-24,8.378405008600154,0,22
2023-11-25,10.923903410416395,0,14
2023-11-26,10.889651886952576,1,16
2023-11-27,9.535680341029014,0,18
2023-11-28,10.489199533363177,0,17
2023-11-29,8.123329635422046,1,32
2023-11-30,11.386040528810351,1,25
2023-12-01,9.722646795335516,0,19
2023-12-02,9.215915469221441,0,19
2023-12-03,11.573513838755334,0,16
2023-12-04,8.943484464185861,1,26
2023-12-05,7.88730805545466,1,25
2023-12-06,7.665056239714144,0,22
2023-12-07,10.90901492701846,1,17
2023-12-08,8.079355971255575,0,18
2023-12-09,12.632191272976547,0,8
2023-12-10,6.877105888174417,0,22
2023-12-11,12.544684552435058,1,15
2023-12-12,10.316526200803928,0,6
2023-12-13,9.854930332194412,1,26
2023-12-14,9.182621369786576,1,27
2023-12-15,10.598704171528107,1,19
2023-12-16,9.943547946362727,0,21
2023-12-17,11.654952823024782,0,17
2023-12-18,10.17134147299306,0,9
2023-12-19,10.225452642192817,0,13
2023-12-20,9.454581681679215,0,16
2023-12-21,9.914581564418398,1,22
2023-12-22,10.461702653338088,0,21
2023-12-23,7.434747411015062,0,25
2023-12-24,7.9777218668414305,0,23
2023-12-25,11.114896141034073,0,5
2023-12-26,10.256298157191912,0,21
2023-12-27,9.724024995470982,0,14
2023-12-28,10.02765089959809,1,28
2023-12-29,10.521372558042506,0,19
2023-12-30,9.190360479535958,1,37
2023-12-31,8.832542911896532,1,25
